<?xml version="1.0" encoding="UTF-8" ?>
<arbitratyContent>
    <inclusion-parent>
        <inclusion child="test" />
    </inclusion-parent>
</arbitratyContent>